[    0.000000] Initializng cgroup subsys cpuset
[    0.000000] Initialiing cgroup subsys cpu
[    0.000000] Initializing cgroup subsys cpuacct
[    0.000000] Liux versi 4.4.0-130-generi (buildd@lgw01-amd64-039) (gcc version 5.4.0 20160609 (Ubuntu 5.4.0-6ubuntu1~16.04.9) ) #156-Ubuntu SMP Thu Jun 14 08:53:28 UTC 2018 (Ubuntu 4.4.0-130.156-generic 4.4.134)
[    0.000000] Command line: BOOT_IMAGE=/boot/vmlinu-4.4.0-130-generic root=LABEL=cloudimg-rootfs ro console=tty1 console=ttyS0
[    0.00000] KERNEL supported cpus:
[    0.00000]   IntelGenuineIntl
[    0.000000]   AMD AuthenticAMD
[    0.00000]   Centaur CentaurHauls
[    0.00000] x86/fpu: xstate_offset[2]: 576, xstate_sizes[2]:  256
[    0.000000] x86/fpu: Supporting XSAVE feature 0x01: 'x87 floating point registers'
[    0.000000] x86/fpu: Supporting XSAVE feature 0x02: 'SSE registers'
[    0.000000] x86/fpu: Supporting XSAVE feature 0x04: 'AVX registers'
[    0.000000] x86/fpu: Enabled xstate features 0x7, context sie is 832 bytes, using standard' format.
[    0.00000] x86/fpu: Using 'eager' FPU context sitches.
[    0.000000] e820: BIOS-provided physical RAM map:
[    0.000000] BIOS-e820: [mem 0x0000000000000000-0x000000000009fbff] usable
[    0.000000] BIOS-e820: [mem 0x000000000009fc00-0x000000000009ffff] reserved
[    0.000000] BIOS-e820: [mem 0x00000000000f0000-0x00000000000fffff] reserved
[    0.000000] BIOS-e820: [mem 0x0000000000100000-0x000000003ffeffff] usable
[    0.000000] BIOS-e820: [mem 0x000000003fff0000-0x000000003fffffff] ACPI data
[    0.000000] BIOS-e820: [mem 0x00000000fec00000-0x00000000fec00fff] reserved
[    0.000000] BIOS-e820: [mem 0x00000000fee00000-0x00000000fee00fff] reserved
[    0.000000] BIOS-e820: [mem 0x00000000ffffc0000-0x00000000ffffffff] reserved
[    0.000000] NX (Execute Disable) protection: active
[    0.000000] SMBIOS 2.5 present.
[    0.000000] ypervisor detecte: KVM
[    000000] e820: last_pfn = 0x3fff0 max_arh_pfn = 0x400000000
[    0.000000] MTRR: Disabled
[    0.000000] x86/PAT: MTRRs disabled, skipping PAT initialization too.
[    0.000000] CPU MTRRs all blank - virtualized system.
[    0.000000] x86/PAT: Configuration [0-7]: WB  WT  UC- UC  WB  WT  UC- UC  
[    0.000000] found SMP MP-table at [mem 0x0009fff0-0x0009ffff] mapped at [ffff88000009fff0]
[    0000000] Scanning 1 areas for low memory corruption
[    0.000000] RAMDISK: [mem x36aa4000-0x37549fff]
[    0.000000] ACPI: Early table checksum verification disabled
[    0.000000] ACPI: RSDP 0x00000000000E0000 000024 (v02 VBOX  )
[    0.000000] ACPI: XSDT 0x000000003FFF0030 00003C (v01 VBOX   VBOXXSDT 00000001 ASL  00000061)
[    0.000000] ACPI: FACP 0x000000003FFF00F0 0000F4 (v04 VBOX   VBOXFACP 00000001 ASL  00000061)
[    0.000000] ACPI: DSDT 0x000000003FFF0470 0021FF (v02 VBOX   VBOXBIOS 00000002 INTL 20100528)
[    0.000000] ACPI: FACS 0x000000003FFF0200 000040
[   0.000000] ACPI: FACS 0x000000003FFF0200 000040
[   0..000000 ACPI: APIC 0x000000003FFF0240 00005C (v02 VBOX   VBOXAPIC 00000001 ASL  00000061)
[    0.000000] ACPI: SSDT 0x000000003FFF02A 0001CC (v01 VBOX   VBOXCPUT 00000002 INTL 20100528)
[    0.000000] No NUMA configuation found
[    0.000000] Faking a ode at [mem 0x0000000000000000-0x000000003ffeffff]
[    0.000000] NODE_DATA(0) allocated [mem 0x3ffeb000-0x3ffeffff]
[    0.000000] kvm-clock: Using msrs 4b564d01 and 4b564d00
[    0.000000] kvm-clock: cpu0, msr 0:3ffe3001, primary cpu clock
[   0.00000] kvm-clock: using sched offset of 6523434564 cycles

[    0.000000] clocksource: kvm-clock: mask: 0xffffffffffffffffmax_cycles: 0x1c42e4dffb, max_idle_ns: 88190591483 ns
[    0.000000] Zone ranges:
[    0.000000]   DMA      [mem 0x0000000000001000-0x0000000000ffffff]
[    0.000000]   DMA32    [mem 0x0000000001000000-0x000000003ffeffff]
[    0.000000]   Normal   empty
[    0.000000]   Device   empty
[    0.00000] Movable zone start for each node
[    0.000000] Early memory node ranges
[    0.000000]   node   0: [mem 0x00000000000010000x000000000009efff]
[    0.000000]   node   0: [mem 0x0000000000100000-0x000000003ffeffff]
[    0.000000] Initmem setup node 0 [mem 0x0000000000001000-0x000000003ffeffff]
[    0.000000] CPI: PM-Timer IO Por: 0x4008
[    0.000000] IOAPIC[0]: apic_id 2, version 32, address 0xfec00000, GSI 0-23
[   0.000000] ACPI: IT_SRC_OVR (bus 0 bus_irq 0 global_irq 2 dfl dfl)
[    .000000] ACPI: INT_RC_OVR (bus 0 bus_irq 9 global_irq 9 low levl)
[    0.000000] Using ACPI (MADT) for SMP configuration information
[    0.000000] smboot: Allowing 2 CPUs, 0 hotplug CPUs
[    0.000000] M: Registered nosave memory:[me 0x0000000-0x00000fff]
[    0.000000] PM: Registered nosave memory: [mem 0x0009f000-0x0009fff]
[    0.000000] PM: Registered nosave memory: [mem x000a0000-0x000effff]
[   0.000000] PM: Registered nosave memory: [mem 0x000f0000-0x000fffff]
[    0.00000] e820: [mem x40000000-0xfebfffff] aailable for PCI devices
[    0.000000] Booting paravirtualized kernel on KVM
[    0.000000] clocksource: refined-jiffies: mask: 0xffffffff max_cycles: 0xffffffff, max_ide_ns: 7645519600211568 ns[    0.000000] setup_percpu: NR_CPUS:512 nr_cpumask_bits:512 nr_cpu_ids:2 nr_node_ids:1
[    0.000000] PERCPU: Embedded 34 pages/cpu @ffff88003fc00000 s99544 r8192 d31528 u1048576
[    0.0000] PV qspinlock hah table entries: 256 (order: 0, 4096 bytes)
[    0.000000] Built 1 zonlists in Node order, mobility rouping on.  Total pages: 257912
[    0.000000] Policy zone: DMA32[    0.000000] Kernel command line: BOOT_IMAGE=/boot/vmlinuz-4.4.0-130-generic root=LABEL=cloudimg-rootfs ro console=tty1 console=ttyS0
[    0.000000] PID hash table entries: 4096 (order: 3, 32768 bytes)
[    0.000000 Memory:1001612K/1048120K available (8546K kernel code, 1313K rwdata, 4000K rodata, 1516K init, 1316K bss, 46508K reserved, 0K cma-reserved)
[    0.000000] SLUB: HWalign=64, Order=0-3, MinObjects=0, CPUs=2, Nodes=1
[    0.000000] Kernel/User page tables isolation: enabled
[    0.000000] Hierarchical RCU implementation.
[    0.000000] 	Build-time adjustment of leaf fanout to 64.
[    0.000000] 	RCU restricting CPUs from NR_CPUS=512 to r_cpu_ids=2.
[    0.000000 RCU: Adjusting geometry for rcu_fanout_leaf=64, nr_cpu_ids=2
[    0.000000] NR_IRQS:33024 nr_irqs:440 16
[    0.000000] Conole: colour VGA+ 80x25
[    0.000000] console [tty1] enabled
[    0.000000] console [ttyS0] enabled
[    0.000000] tsc: Detected 1599.999 MHz processo
[    1.776500] Calibrating delay loop (skipped) preset value.. 3199.99 BogoMIPS (lpj=6399996)
[    1.794853] pid_max: default: 32768 minimum: 301
[    1.817309] ACPI: Core revision 20150930
[    1.820600] ACPI: 2 ACPI AML tables successfully acquired and loaded
[    1.826475] Security Framework initialized
[    1.828980] Yama: becoming mindful.
[    1.830481] AppArmor: AppArmor initialized
[    1.834630] Dentry cache hash table entries: 131072 (order: 8, 1048576 bytes)
[    1.839960] Inode-cache hash table entries: 65536 (order: 7, 524288 bytes)
[    1.842937] Mount-cache hash table entries: 2048 (order: 2, 16384 bytes)
[    1.845961] Mountpoint-cache hash table entries: 2048 (order: 2, 16384 bytes)
[    1.860178] Initializing cgroup subsys io
[    1.868060] Initializing cgroup subsys memory
[    1.870109] Initializing cgroup subsys devices
[    1.880701] Initializing cgroup subsys freezer
[    1.892755] Initializing cgroup subsys net_cls
[    1.904759] Initializing cgroup subsys perf_event
[    1.920819] Initializing cgroup subsys net_prio
[    1.925121] Initializing cgroup subsys hugetlb
[    1.926921] Initializing cgroup subsys pids
[    1.930834] CPU: Physical Processor ID: 0
[    1.933087] CPU: Processor Core ID: 0
[    1.941982] mce: CPU supports 0 MCE banks
[    1.950178] Last level iTLB entries: 4KB 64, 2MB 8, 4MB 8
[    1.958369] Last level dTLB entries: 4KB 64, 2MB 0, 4MB 0, 1GB 4
[    1.964836] Spectre V2 : Mitigation: Full generic retpoline
[    1.971946] Spectre V2 : Speculation control IBPB not-supported IBRS not-supported
[    1.992700] Speculative Store Bypass: Vulnerable
[    2.001307] Freeing SMP alternatives memory: 32K
[    2.014845] ftrace: allocating 32245 entries in 126 pages
[    2.080995] smpboot: APIC(0) Converting physical 0 to logical package 0
[    2.096441] smpboot: Max logical packages: 1
[    2.105594] x2apic enabled
[    2.107229] Switched APIC routing to physical x2apic.
[    2.113765] ..TIMER: vector=0x30 apic1=0 pin1=2 apic2=-1 pin2=-1
[    2.236170] smpboot: CPU0: Intel(R) Core(TM) i5-5250U CPU @ 1.60GHz (family: 0x6, model: 0x3d, stepping: 0x4)
[    2.250945] Performance Events: unsupported p6 CPU model 61 no PMU driver, software events only.
[    2.301417] KVM setup paravirtual spinlock
[    2.304452] x86: Booting SMP configuration:
[    2.313206] .... node  #0, CPUs:      #1
[    2.318147] kvm-clock: cpu 1, msr 0:3ffe3041, secondary cpu clock
[    2.321191] mce: CPU supports 0 MCE banks
[    2.331930] x86: Booted up 1 node, 2 CPUs
[    2.340300] smpboot: Total of 2 processors activated (6399.99 BogoMIPS)
[    2.362738] devtmpfs: initialized
[    2.366685] evm: security.selinux
[    2.374090] evm: security.SMACK64
[    2.389952] evm: security.SMACK64EXEC
[    2.391542] evm: security.SMACK64TRANSMUTE
[    2.397347] evm: security.SMACK64MMAP
[    2.399721] evm: security.ima
[    2.401469] evm: security.capability
[    2.409361] clocksource: jiffies: mask: 0xffffffff max_cycles: 0xffffffff, max_idle_ns: 7645041785100000 ns
[    2.425065] futex hash table entries: 512 (order: 3, 32768 bytes)
[    2.427985] pinctrl core: initialized pinctrl subsystem
[    2.430070] RTC time: 22:47:08, date: 07/23/18
[    2.436266] NET: Registered protocol family 16
[    2.452019] cpuidle: using governor ladder
[    2.480606] cpuidle: using governor menu
[    2.484281] PCCT header not found.
[    2.491094] ACPI: bus type PCI registered
[    2.496223] acpiphp: ACPI Hot Plug PCI Controller Driver version: 0.5
[    2.505225] PCI: Using configuration type 1 for base access
[    2.529596] ACPI: Added _OSI(Module Device)
[    2.541519] ACPI: Added _OSI(Processor Device)
[    2.548013] ACPI: Added _OSI(3.0 _SCP Extensions)
[    2.549875] ACPI: Added _OSI(Processor Aggregator Device)
[    2.559029] ACPI: Executed 1 blocks of module-level executable AML code
[    2.569942] ACPI: Interpreter enabled
[    2.576339] ACPI: (supports S0 S5)
[    2.584178] ACPI: Using IOAPIC for interrupt routing
[    2.586334] PCI: Using host bridge windows from ACPI; if necessary, use "pci=nocrs" and report a bug
[    2.600571] ACPI: PCI Root Bridge [PCI0] (domain 0000 [bus 00-ff])
[    2.609907] acpi PNP0A03:00: _OSC: OS supports [ASPM ClockPM Segments MSI]
[    2.616352] acpi PNP0A03:00: _OSC: not requesting OS control; OS requires [ExtendedConfig ASPM ClockPM MSI]
[    2.632675] acpi PNP0A03:00: fail to add MMCONFIG information, can't access extended PCI configuration space under this bridge.
[    2.666517] PCI host bridge to bus 0000:00
[    2.676324] pci_bus 0000:00: root bus resource [io  0x0000-0x0cf7 window]
[    2.678936] pci_bus 0000:00: root bus resource [io  0x0d00-0xffff window]
[    2.691428] pci_bus 0000:00: root bus resource [mem 0x000a0000-0x000bffff window]
[    2.697928] pci_bus 0000:00: root bus resource [mem 0x40000000-0xfdffffff window]
[    2.705068] pci_bus 0000:00: root bus resource [bus 00-ff]
[    2.712843] pci 0000:00:01.1: legacy IDE quirk: reg 0x10: [io  0x01f0-0x01f7]
[    2.717872] pci 0000:00:01.1: legacy IDE quirk: reg 0x14: [io  0x03f6]
[    2.723915] pci 0000:00:01.1: legacy IDE quirk: reg 0x18: [io  0x0170-0x0177]
[    2.743902] pci 0000:00:01.1: legacy IDE quirk: reg 0x1c: [io  0x0376]
[    2.773565] pci 0000:00:07.0: quirk: [io  0x4000-0x403f] claimed by PIIX4 ACPI
[    2.792748] pci 0000:00:07.0: quirk: [io  0x4100-0x410f] claimed by PIIX4 SMB
[    2.825776] ACPI: PCI Interrupt Link [LNKA] (IRQs 5 9 10 *11)
[    2.840758] ACPI: PCI Interrupt Link [LNKB] (IRQs 5 9 *10 11)
[    2.852761] ACPI: PCI Interrupt Link [LNKC] (IRQs 5 *9 10 11)
[    2.876687] ACPI: PCI Interrupt Link [LNKD] (IRQs 5 9 10 *11)
[    2.881604] ACPI: Enabled 2 GPEs in block 00 to 07
[    2.900747] vgaarb: setting as boot device: PCI:0000:00:02.0
[    2.904549] vgaarb: device added: PCI:0000:00:02.0,decodes=io+mem,owns=io+mem,locks=none
[    2.912810] vgaarb: loaded
[    2.914337] vgaarb: bridge control possible 0000:00:02.0
[    2.919989] SCSI subsystem initialized
[    2.924485] ACPI: bus type USB registered
[    2.926310] usbcore: registered new interface driver usbfs
[    2.928507] usbcore: registered new interface driver hub
[    2.937910] usbcore: registered new device driver usb
[    2.942517] PCI: Using ACPI for IRQ routing
[    2.948455] NetLabel: Initializing
[    2.955367] NetLabel:  domain hash size = 128
[    2.957125] NetLabel:  protocols = UNLABELED CIPSOv4
[    2.967658] NetLabel:  unlabeled traffic allowed by default
[    2.972652] amd_nb: Cannot enumerate AMD northbridges
[    2.979674] clocksource: Switched to clocksource kvm-clock
[    2.995772] AppArmor: AppArmor Filesystem Enabled
[    3.004122] pnp: PnP ACPI init
[    3007650] pnp: PnP ACPI: found 3 devices

[    3.04967] clocksource: acpi_pm: mas: 0xfffff max_cycles: 0xffffff, max_idle_ns: 2085701024 ns
[    3.130839] NET: Registered protocol family 2

[    3.133620] TCP established hash table entries: 8192 (order: 4, 5536 bytes)[    3.1804] TCP bind hash table entries: 8192 (order: 5, 131072 bytes)
[    3.285081] TC: Hash tables configured (established 8192 bind 8192)
[    3.31294] UDP hash table entries: 512 (order: 2, 16384 bytes)
[    3341387] UDP-Lite ash table entries: 51 (oder: 2, 16384 bytes)
[    3.46948] NET: Registered protocol family 1
[    3.49671] pci 0000:00:00.0: Limitingdiret PCI/PI transfers
[    3.60155] pci 0000:00:01.0: Actvating ISA DMA hang workarounds
[    3.656017] Unpacking initramfs...

[    5.749963] Freeing initrd memory: 10904K
[    5.753522] RAPL PMU detected, API unit is 2^-32 Joules, 4 fixed counters 10737418240 ms ovfl timer
[    5.757173] hw unit of domain pp0-core 2^-0 Joules
[    5.760404] hw unit of domain package 2^-0 Joules
[    5.765697] hw unit of domain dram 2^-0 Joules
[    5.767612] hw unit of domain pp1-gpu 2^-0 Joules
[    5.769626] platform rtc_cmos: registered platform RTC device (no PNP device found)
[    5.774248] Scanning for low memory corruption every 60 seconds
[    5.777579] audit: initializing netlink subsys (disabled)
[    5.784662] audit: type=2000 audit(1532386038.000:1): initialized
[    5.797492] Initialise system trusted keyring
[    5.800184] HugeTLB registered 2 MB page size, pre-allocated 0 pages
[    5.804072] zbud: loaded
[    5.809435] VFS: Disk quotas dquot_6.6.0
[    5.816728] VFS: Dquot-cache hash table entries: 512 (order 0, 4096 bytes)
[    5.819866] squashfs: version 4.0 (2009/01/31) Phillip Lougher
[    5.822635] fuse init (API version 7.23)
[    5.824621] Key type big_key registered
[    5.826235] Allocating IMA MOK and blacklist keyrings.
[    5.845484] Key type asymmetric registered
[    5.846841] Asymmetric key parser 'x509' registered
[    5.848686] Block layer SCSI generic (bsg) driver version 0.4 loaded (major 249)
[    5.854464] io scheduler noop registered
[    5.857413] io scheduler deadline registered (default)
[    5.861429] io scheduler cfq registered
[    5.871344] pci_hotplug: PCI Hot Plug PCI Core version: 0.5
[    5.873520] pciehp: PCI Express Hot Plug Controller Driver version: 0.4
[    5.876436] ACPI: AC Adapter [AC] (off-line)
[    5.885172] input: Power Button as /devices/LNXSYSTM:00/LNXPWRBN:00/input/input0
[    5.888362] ACPI: Power Button [PWRF]
[    5.890411] input: Sleep Button as /devices/LNXSYSTM:00/LNXSLPBN:00/input/input1
[    5.900751] ACPI: Sleep Button [SLPF]
[    5.908706] GHES: HEST is not enabled!
[    5.910290] ACPI: Battery Slot [BAT0] (battery present)
[    5.914229] Serial: 8250/16550 driver, 32 ports, IRQ sharing enabled
[    5.946680] 00:02: ttyS0 at I/O 0x3f8 (irq = 4, base_baud = 115200) is a 16550A
[    5.957417] Linux agpgart interface v0.103
[    5.962353] loop: module loaded
[    5.964450] scsi host0: ata_piix
[    5.966816] scsi host1: ata_piix
[    5.968336] ata1: PATA max UDMA/33 cmd 0x1f0 ctl 0x3f6 bmdma 0xd000 irq 14
[    5.970709] ata2: PATA max UDMA/33 cmd 0x170 ctl 0x376 bmdma 0xd008 irq 15
[    5.972917] libphy: Fixed MDIO Bus: probed
[    5.975121] tun: Universal TUN/TAP device driver, 1.6
[    5.977040] tun: (C) 1999-2004 Max Krasnyansky <maxk@qualcomm.com>
[    5.979874] PPP generic driver version 2.4.2
[    5.989271] ehci_hcd: USB 2.0 'Enhanced' Host Controller (EHCI) Driver
[    5.993218] ehci-pci: EHCI PCI platform driver
[    5.995306] ehci-platform: EHCI generic platform driver
[    6.001493] ohci_hcd: USB 1.1 'Open' Host Controller (OHCI) Driver
[    6.009378] ohci-pci: OHCI PCI platform driver
[    6.013458] ohci-platform: OHCI generic platform driver
[    6.025537] uhci_hcd: USB Universal Host Controller Interface driver
[    6.028479] i8042: PNP: PS/2 Controller [PNP0303:PS2K,PNP0f03:PS2M] at 0x60,0x64 irq 1,12
[    6.031985] serio: i8042 KBD port at 0x60,0x64 irq 1
[    6.037811] serio: i8042 AUX port at 0x60,0x64 irq 12
[    6.045507] mousedev: PS/2 mouse device common for all mice
[    6.050747] input: AT Translated Set 2 keyboard as /devices/platform/i8042/serio0/input/input2
[    6.054830] rtc_cmos rtc_cmos: rtc core: registered rtc_cmos as rtc0
[    6.061701] rtc_cmos rtc_cmos: alarms up to one day, 114 bytes nvram
[    6.064268] i2c /dev entries driver
[    6.069217] device-mapper: uevent: version 1.0.3
[    6.082898] device-mapper: ioctl: 4.34.0-ioctl (2015-10-28) initialised: dm-devel@redhat.com
[    6.089990] ledtrig-cpu: registered to indicate activity on CPUs
[    6.093243] NET: Registered protocol family 10
[    6.095363] NET: Registered protocol family 17
[    6.097284] Key type dns_resolver registered
[    6.106722] registered taskstats version 1
[    6.117118] Loading compiled-in X.509 certificates
[    6.125693] Loaded X.509 cert 'Build time autogenerated kernel key: b3e0fe4bcd6378c38a2c0a4648abbc1fa5043a22'
[    6.133445] zswap: loaded using pool lzo/zbud
[    6.137909] Key type trusted registered
[    6.145866] Key type encrypted registered
[    6.153500] AppArmor: AppArmor sha1 policy hashing enabled
[    6.157076] ima: No TPM chip found, activating TPM-bypass!
[    6.159313] ima: Allocated hash algorithm: sha1
[    6.161634] evm: HMAC attrs: 0x1
[    6.163851]   Magic number: 10:306:806
[    6.169242] rtc_cmos rtc_cmos: setting system clock to 2018-07-23 22:47:12 UTC (1532386032)
[    6.175531] BIOS EDD facility v0.16 2004-Jun-25, 0 devices found
[    6.180269] EDD information not available.
[    6.184576] Freeing unused kernel memory: 1516K
[    6.210048] Write protecting the kernel read-only data: 14336k
[    6.212955] Freeing unused kernel memory: 1680K
[    6.215491] Freeing unused kernel memory: 96K
Loading, please wait...
starting version 229
[    6.246961] random: systemd-udevd: uninitialized urandom read (16 bytes read, 5 bits of entropy available)
[    6.248221] random: udevadm: uninitialized urandom read (16 bytes read, 5 bits of entropy available)
[    6.248261] random: udevadm: uninitialized urandom read (16 bytes read, 5 bits of entropy available)
[    6.275800] random: udevadm: uninitialized urandom read (16 bytes read, 5 bits of entropy available)
[    6.275961] random: udevadm: uninitialized urandom read (16 bytes read, 5 bits of entropy available)
[    6.276635] random: udevadm: uninitialized urandom read (16 bytes read, 5 bits of entropy available)
[    6.276727] random: udevadm: uninitialized urandom read (16 bytes read, 5 bits of entropy available)
[    6.276886] random: udevadm: uninitialized urandom read (16 bytes read, 5 bits of entropy available)
[    6.277106] random: udevadm: uninitialized urandom read (16 bytes read, 5 bits of entropy available)
[    6.277244] random: udevadm: uninitialized urandom read (16 bytes read, 5 bits of entropy available)
[    6.475130] e1000: Intel(R) PRO/1000 Network Driver - version 7.3.21-k8-NAPI
[    6.478231] e1000: Copyright (c) 1999-2006 Intel Corporation.
[    6.530450] Fusion MPT base driver 3.04.20
[    6.532859] Copyright (c) 1999-2008 LSI Corporation
[    6.539986] AVX2 version of gcm_enc/dec engaged.
[    6.542089] AES CTR mode by8 optimization enabled
[    6.548562] Fusion MPT SPI Host driver 3.04.20
[    6.741565] input: ImExPS/2 Generic Explorer Mouse as /devices/platform/i8042/serio1/input/input4
[    6.767796] tsc: Refined TSC clocksource calibration: 1599.447 MHz
[    6.771860] clocksource: tsc: mask: 0xffffffffffffffff max_cycles: 0x170e1a9ab85, max_idle_ns: 440795231902 ns
[    6.947621] e1000 0000:00:03.0 eth0: (PCI:33MHz:32-bit) 02:c5:fa:e6:4f:6d
[    6.960802] e1000 0000:00:03.0 eth0: Intel(R) PRO/1000 Network Connection
[    6.974878] mptbase: ioc0: Initiating bringup
[    7.041072] ioc0: LSI53C1030 A0: Capabilities={Initiator}
[    7.213124] scsi host2: ioc0: LSI53C1030 A0, FwRev=00000000h, Ports=1, MaxQ=256, IRQ=20
[    7.340730] scsi 2:0:0:0: Direct-Access     VBOX     HARDDISK         1.0  PQ: 0 ANSI: 5
[    7.361934] scsi target2:0:0: Beginning Domain Validation
[    7.371167] scsi target2:0:0: Domain Validation skipping write tests
[    7.374198] scsi target2:0:0: Ending Domain Validation
[    7.388272] scsi target2:0:0: asynchronous
[    7.391853] scsi 2:0:1:0: Direct-Access     VBOX     HARDDISK         1.0  PQ: 0 ANSI: 5
[    7.413191] scsi target2:0:1: Beginning Domain Validation
[    7.426580] scsi target2:0:1: Domain Validation skipping write tests
[    7.444606] scsi target2:0:1: Ending Domain Validation
[    7.451146] scsi target2:0:1: asynchronous
[    7.502951] sd 2:0:0:0: Attached scsi generic sg0 type 0
[    7.510957] sd 2:0:0:0: [sda] 20971520 512-byte logical blocks: (10.7 GB/10.0 GiB)
[    7.526083] sd 2:0:1:0: [sdb] 20480 512-byte logical blocks: (10.5 MB/10.0 MiB)
[    7.530798] sd 2:0:1:0: Attached scsi generic sg1 type 0
[    7.534917] sd 2:0:0:0: [sda] Write Protect is off
[    7.537217] sd 2:0:1:0: [sdb] Write Protect is off
[    7.539526] sd 2:0:1:0: [sdb] Incomplete mode parameter data
[    7.541906] sd 2:0:1:0: [sdb] Assuming drive cache: write through
[    7.544890] sd 2:0:0:0: [sda] Incomplete mode parameter data
[    7.547388] sd 2:0:0:0: [sda] Assuming drive cache: write through
[    7.560165] sd 2:0:1:0: [sdb] Attached SCSI disk
[    7.562295]  sda: sda1
[    7.564740] sd 2:0:0:0: [sda] Attached SCSI disk
[    7.874672] e1000 0000:00:08.0 eth1: (PCI:33MHz:32-bit) 08:00:27:00:a9:d2
[    7.881967] e1000 0000:00:08.0 eth1: Intel(R) PRO/1000 Network Connection
[    7.886120] e1000 0000:00:08.0 enp0s8: renamed from eth1
[    7.900352] e1000 0000:00:03.0 enp0s3: renamed from eth0
Begin: Loading essential drivers ... [    9.434743] md: linear personality registered for level -1
[    9.453617] md: multipath personality registered for level -4
[    9.465955] md: raid0 personality registered for level 0
[    9.489006] md: raid1 personality registered for level 1
[    9.571766] raid6: sse2x1   gen()  7312 MB/s
[    9.652276] raid6: sse2x1   xor()  5955 MB/s
[    9.723776] raid6: sse2x2   gen()  5993 MB/s
[    9.795900] raid6: sse2x2   xor()  1279 MB/s
[    9.867825] raid6: sse2x4   gen() 10752 MB/s
[    9.939699] raid6: sse2x4   xor()  7514 MB/s
[   10.016348] raid6: avx2x1   gen() 15438 MB/s
[   10.091899] raid6: avx2x2   gen() 17906 MB/s
[   10.163947] raid6: avx2x4   gen() 20171 MB/s
[   10.165839] raid6: using algorithm avx2x4 gen() 20171 MB/s
[   10.168380] raid6: using avx2x2 recovery algorithm
[   10.182328] xor: automatically using best checksumming function:
[   10.227976]    avx       : 22700.000 MB/sec
[   10.238391] async_tx: api initialized (async)
[   10.257007] md: raid6 personality registered for level 6
[   10.259450] md: raid5 personality registered for level 5
[   10.261710] md: raid4 personality registered for level 4
[   10.271614] md: raid10 personality registered for level 10
done.
Begin: Running /scripts/init-premount ... done.
Begin: Mounting root file system ... Begin: Running /scripts/local-top ... done.
Begin: Running /scripts/local-premount ... [   10.316451] Btrfs loaded
Scanning for Btrfs filesystems
done.
Warning: fsck not present, so skipping root file system
[   10.427317] EXT4-fs (sda1): mounted filesystem with ordered data mode. Opts: (null)
done.
Begin: Running /scripts/local-bottom ... done.
Begin: Running /scripts/init-bottom ... done.
[   10.918662] systemd[1]: systemd 229 running in system mode. (+PAM +AUDIT +SELINUX +IMA +APPARMOR +SMACK +SYSVINIT +UTMP +LIBCRYPTSETUP +GCRYPT +GNUTLS +ACL +XZ -LZ4 +SECCOMP +BLKID +ELFUTILS +KMOD -IDN)
[   10.960480] systemd[1]: Detected virtualization oracle.
[   10.967168] systemd[1]: Detected architecture x86-64.

Welcome to [1mUbuntu 16.04.4 LTS[0m!

[   11.015187] systemd[1]: Set hostname to <ubuntu>.
[   11.026689] systemd[1]: Initializing machine ID from random generator.
[   11.033038] systemd[1]: Installed transient /etc/machine-id file.
[   11.743018] systemd[1]: Reached target Encrypted Volumes.
[[0;32m  OK  [0m] Reached target Encrypted Volumes.
[   11.757540] systemd[1]: Started Trigger resolvconf update for networkd DNS.
[[0;32m  OK  [0m] Started Trigger resolvconf update for networkd DNS.
[   1.810826] sysemd[1]: Listening on Journal Socket.

[[0;32m  OK  [0m] Listening on Journal Socket.
[   11.869650] systemd[1]: Listening on Journal Socket (/dev/log).
[[0;32m  OK  [0m] Listening on Journal Socket (/dev/log).
[   11.896672] sysemd[1]: Reached target System Time Synchronized.

[[0;32m  OK  [0m] Reached target System Time Synchronized.
[  11.951728] systemd[1]: Ceated slice User and Session Slice.

[[0;32m  OK  [0m] Created slice User and Session Slice.
[   12.010119] systemd[1]: Reached target Swap.
[[0;32m  OK  [0m] Reached target Swap.
[   12.021396] systemd[1]: Listening on udev Kernel Socket.
[[0;32m  OK  [0m] Listening on udev Kernel Socket.
[   12.047974] systemd[1]: Set up automount Arbitrary Executable File Formats File System Automount Point.
[[0;32m  OK  [0m] Set up automount Arbitrary Executab...ats File System Automount Point.
[   12.080429] systemd[1]: Listening on Syslog Socket.
[[0;32m  OK  [0m] Listening on Syslog Socket.
[   12.089906] systemd[1]: Listening on Device-mapper event daemon FIFOs.
[[0;32m  OK  [0m] Listening on Device-mapper event daemon FIFOs.
[ 12.135294] systemd[1]: Created slice System Slice.

[[0;32m  OK  [0m] Created slice System Slice.
[   12.224816] systemd[1]: Starting Remount Root and Kernel File Systems...
         Starting Remount Root and Kernel File Systems...
[   12.255244] EXT4-fs (sda1): re-mounted. Opts: (null)
[   12.261294] systemd[1]: Created slice system-serial\x2dgetty.slice.
[[0;32m  OK  [0m] Created slice system-serial\x2dgetty.slice.
[   12.288222] systemd[1]: Starting Uncomplicated firewall...
         Starting Uncomplicated firewall...
[   12.324281] systemd[1]: Starting Load Kernel Modules...
         Starting Load Kernel Modules...
[   12.341088] systemd[1]: Starting Create list of required static device nodes for the current kernel...
         Starting Create list of required st... nodes for the current ker[   12.376049] Loading iSCSI transport class v2.0-870.
nel...
[   12.434574] iscsi: registered transport (tcp)
[   12.448427] systemd[1]: Starting Nameserver information manager...
         Starting Nameserver information manager...
[   12.462030] systemd[1]: Mounting Huge Pages File System...
         Mounting Huge Pages File System...
[   12.498705] systemd[1]: Reached target User and Group Name Lookups.
[[0;32m  OK  [0m] Reached target User and Group[   12.559701] iscsi: registered transport (iser)
 Name Lookups.
[   12.582519] systemd[1]: Listening on Journal Audit Socket.
[[0;32m  OK  [0m] Listening on Journal Audit Socket.
[   12.616343] systemd[1]: Starting Journal Service...
[   12.631390] random: nonblocking pool is initialized
         Starting Journal Service...
[   12.648425] systemd[1]: Listening on udev Control Socket.
[[0;32m  OK  [0m] Listening on udev Control Socket.
[   12.688726] systemd[1]: Listening on LVM2 poll daemon socket.
[[0;32m  OK  [0m] Listening on LVM2 poll daemon socket.
[   12.729430] systemd[1]: Mounting POSIX Message Queue File System...
         Mounting POSIX Message Queue File System...
[   12.763899] systemd[1]: Mounting Debug File System...
         Mounting Debug File System...
[   12.792452] systemd[1]: Listening on LVM2 metadata daemon socket.
[[0;32m  OK  [0m] Listening on LVM2 metadata daemon socket.
[   12.860445] systemd[1]: Starting Monitoring of LVM2 mirrors, snapshots etc. using dmeventd or progress polling...
         Starting Monitoring of LVM2 mirrors... dmeventd or progress polling...
[   12.883267] systemd[1]: Reached target Slices.
[[0;32m  OK  [0m] Reached target Slices.
[   12.900150] systemd[1]: Started Forward Password Requests to Wall Directory Watch.
[[0;32m  OK  [0m] Started Forward Password Requests to Wall Directory Watch.
[   12.917564] systemd[1]: Listening on /dev/initctl Compatibility Named Pipe.
[[0;32m  OK  [0m] Listening on /dev/initctl Compatibility Named Pipe.
[   12.952759] systemd[1]: Starting Set console keymap...
         Starting Set console keymap...
[   12.970978] systemd[1]: Mounted POSIX Message Queue File System.
[[0;32m  OK  [0m] Mounted POSIX Message Queue File System.
[   12.988755] systemd[1]: Mounted Huge Pages File System.
[[0;32m  OK  [0m] Mounted Huge Pages File System.
[   13.008752] systemd[1]: Mounted Debug File System.
[[0;32m  OK  [0m] Mounted Debug File System.
[   13.014022] systemd[1]: Started Journal Service.
[[0;32m  OK  [0m] Started Journal Service.
[[0;32m  OK  [0m] Started Remount Root and Kernel File Systems.
[[0;32m  OK  [0m] Started Uncomplicated firewall.
[[0;32m  OK  [0m] Started Load Kernel Modules.
[[0;32m  OK  [0m] Started Create list of required sta...ce nodes for the current kernel.
[[0;32m  OK  [0m] Started Set console keymap.
[[0;32m  OK  [0m] Started Nameserver information manager.
[[0;32m  OK  [0m] Started LVM2 metadata daemon.
         Starting Create Static Device Nodes in /dev...
         Mounting FUSE Control File System...
         Starting Apply Kernel Variables...
         Starting Load/Save Random Seed...
         Starting udev Coldplug all Devices...
         Starting Flush Journal to Persistent Storage...
[[0;32m  OK  [0m] Mounted FUSE Control File System.
[[0;32m  OK  [0m] Started Create Static Device Nodes in /dev.
[[0;32m  OK  [0m] Started Apply Kernel Variables.
[[0;32m  OK  [0m] Started Load/Save Random Seed.
[[0;32m  OK  [0m] Started udev Coldplug all Devices.
[[0;32m  OK  [0m] Started Flush Journal to Persistent Storage.
         Starting udev Kernel Device Manager...
[[0;32m  OK  [0m] Started Monitoring of LVM2 mirrors,...ng dmeventd or progress polling.
[[0;32m  OK  [0m] Started udev Kernel Device Manager.
[[0;32m  OK  [0m] Started Dispatch Password Requests to Console Directory Watch.
[[0;32m  OK  [0m] Reached target Local File Systems (Pre).
[[0;32m  OK  [0m] Reached target Local File Systems.
         Starting Tell Plymouth To Write Out Runtime Data...
         Starting Commit a transient machine-id on disk...
         Starting Initial cloud-init job (pre-networking)...
         Starting Set console font and keymap...
         Starting LSB: AppArmor initialization...
         Starting Create Volatile Files and Directories...
[[0;32m  OK  [0m] Started Tell Plymouth To Write Out Runtime Data.
[[0;32m  OK  [0m] Started Commit a transient machine-id on disk.
[[0;32m  OK  [0m] Started Create Volatile Files and Directories.
         Starting Update UTMP about System Boot/Shutdown...
[[0;32m  OK  [0m] Started Update UTMP about System Boot/Shutdown.
[[0;32m  OK  [0m] Found device /dev/ttyS0.
[[0;32m  OK  [0m] Listening on Load/Save RF Kill Switch Status /dev/rfkill Watch.
[[0;32m  OK  [0m] Started LSB: AppArmor initialization.
[   13.289432] [[0;32m  OK  [0m] Started Set console font and keymap.
cloud-init[476]: Cloud-init v. 18.2 running 'init-local' at Mon, 23 Jul 2018 22:47:21 +0000. Up 12.73 seconds.
[[0;32m  OK  [0m] Created slice system-getty.slice.
[[0;32m  OK  [0m] Started Initial cloud-init job (pre-networking).
[[0;32m  OK  [0m] Reached target Network (Pre).
         Starting Raise network interfaces...
[[0;32m  OK  [0m] Started Raise network interfaces.
[[0;32m  OK  [0m] Reached target Network.
         Starting Initial cloud-init job (metadata service crawler)...
[   15.191263] cloud-init[968]: Cloud-init v. 18.2 running 'init' at Mon, 23 Jul 2018 22:47:23 +0000. Up 14.29 seconds.
[   15.197051] cloud-init[968]: ci-info: ++++++++++++++++++++++++++++++++++++++Net device info++++++++++++++++++++++++++++++++++++++
[   15.203712] cloud-init[968]: ci-info: +--------+-------+----------------------------+---------------+-------+-------------------+
[   15.254645] cloud-init[968]: ci-info: | Device |   Up  |          Address           |      Mask     | Scope |     Hw-Address    |
[   15.288541] [[0;32m  OK  [0m] Started Initial cloud-init job (metadata service crawler).
[[0;32m  OK  [0m] Reached target System Initialization.
cloud-init[968]: ci-info: +--------+-------+----------------------------+---------------+-------+-------------------+
[   15.307587] cloud-init[968]: ci-info: | enp0s3 |  True |         10.0.2.15          | 255.255.255.0 |   .   | 02:c5:fa:e6:4f:6d |
[[0;32m  OK  [0m] Started ACPI Events Check.
[[0;32m  OK  [0m] Reached target Paths.
[   15.311255] cloud-init[968]: ci-info: | enp0s3 |  True | fe80::c5:faff:fee6:4f6d/64 |       .       |  link | 02:c5:fa:e6:4f:6d |
[[0;32m  OK  [0m] Listening on D-Bus System Message Bus Socket.
[   15.328506] cloud-init[968]: ci-info: | enp0s8 | False |             .              |       .       |   .   | 08:00:27:00:a9:d2 |
[   15.370567] cloud-init[968]: ci-info: |   lo   |  True |         127.0.0.1          |   255.0.0.0   |   .   |         .         |
[   15.370666] cloud-init[968]: ci-info: |   lo   |  True |          ::1/128           |       .       |  host |         .         |
[   15.370744] cloud-init[968]: ci-info: +--------+-------+----------------------------+---------------+-------+-------------------+
[   15.370834] cloud-init[968]: ci-info: +++++++++++++++++++++++++++Route IPv4 info++++++++++++++++++++++++++++
[   15.370914] cloud-init[968]: ci-info: +-------+-------------+----------+---------------+-----------+-------+
[   15.370990] cloud-init[968]: ci-info: | Route | Destination | Gateway  |    Genmask    | Interface | Flags |
[   15.371065] cloud-init[968]: ci-info: +-------+-------------+----------+---------------+-----------+-------+
[   15.371138] cloud-init[968]: ci-info: |   0   |   0.0.0.0   | 10.0.2.2 |    0.0.0.0    |   enp0s3  |   UG  |
[   15.371211] cloud-init[968]: ci-info: |   1   |   10.0.2.0  | 0.0.0.0  | 255.255.255.0 |   enp0s3  |   U   |
[   15.371283] cloud-init[968]: ci-info: +-------+-------------+----------+---------------+-----------+-------+
[   15.371354] cloud-init[968]: Generating public/private rsa key pair.
[   15.371428] cloud-init[968]: Your identification has been saved in /etc/ssh/ssh_host_rsa_key.
[   15.371504] cloud-init[968]: Your public key has been saved in /etc/ssh/ssh_host_rsa_key.pub.
[   15.371578] cloud-init[968]: The key fingerprint is:
[   15.371651] cloud-init[968]: SHA256:AlcqrV6kojPdP+Yoa/2XJgDAUlDeGMwOBtf7kfc3Woo root@ubuntu-xenial
[   15.371729] cloud-init[968]: The key's randomart image is:
[   15.371800] cloud-init[968]: +---[RSA 2048]----+
[   15.371872] cloud-init[968]: |=*=.    .        |
         Starting LXD - unix socket.
[   15.371952] [cloud-init[0;32m  OK  [0m[968]: ] |+=o+.. o         |Listening on ACPID Listen Socket.

[   15.761110] [cloud-init[0;32m  OK  [0m[968]: ] |o+o +.=.         |Listening on UUID daemon activation socket.

[[0;32m  OK  [0m] Started Daily Cleanup of Temporary Directories.
         Starting Socket activation for snappy daemon.
[   15.762518] cloud-init[968]: |  o .Bo .        |
[[0;32m  OK  [0m] Started Daily apt download activities.
[[0;32m  OK  [0m] Started Daily apt upgrade and clean activities.
[[0;32m  OK  [0m] Reached target Timers.
[   15.843057] cloud-init[968]: |  ..o.ooS.       |
[   15.973324] [[0;32m  OK  [0m] Reached target Network is Online.
cloud-init[968]: | o +....  . +    |
[   15.986945] cloud-init[968]: |+ ..o.   o = .   |
[   15.992853] cloud-init[968]: | oo .o+ E o      |
[   15.993400] cloud-init[968]: | ..o.++=         |
[   15.996115] cloud-init[968]: +----[SHA256]-----+
[   15.996174] cloud-init[968]: Generating public/private dsa key pair.
         Starting iSCSI initiator daemon (iscsid)...
[[   15.996771] cloud-init[968]: Your identification has been saved in /etc/ssh/ssh_host_dsa_key.
[0;32m  OK  [0m] Reached target Cloud-config availability.
[   16.062771] cloud-init[968]: Your public key has been saved in /etc/ssh/ssh_host_dsa_key.pub.
[   16.125046] cloud-init[968]: The key fingerprint is:
[   16.126185] cloud-init[968]: SHA256:A6sTKuqWrh/Zkuq8R9kkMk1znIlDMlW+NZ0WZMc0uBg root@ubuntu-xenial
[   16.130431] [cloud-init[0;32m  OK  [0m[968]: ] The key's randomart image is:Listening on LXD - unix socket.

[[   16.132006] cloud-init[968]: +---[DSA 1024]----+
[   16.230868] cloud-init[968]: | ooo+.o .+++     |
[   16.234128] cloud-init[968]: |  o=.= Eo.+..    |
[0;32m  OK  [0m] Listening on Socket activation for snappy daemon.
[   16.237142] cloud-init[968]: |  o +..oo+.      |
[   16.272790] cloud-init[968]: | o o .o+o.       |
[   16.292470] cloud-init[968]: |  o *.. S        |
[   16.296416] cloud-init[968]: |   B +   .       |
[   16.299559] cloud-init[968]: |. O +            |
[   16.309747] cloud-init[968]: |o= + .           |
[   16.310278] cloud-init[968]: |XB+              |
[[0;32m  OK  [0m] Reached target Sockets.
[   16.312630] cloud-init[968]: +----[SHA256]-----+
[   16.369048] cloud-init[968]: Generating public/private ecdsa key pair.
[   16.370092] cloud-init[968]: Your identification has been saved in /etc/ssh/ssh_host_ecdsa_key.
[   16.373897] cloud-init[968]: Your public key has been saved in /etc/ssh/ssh_host_ecdsa_key.pub.
[[0;32m  OK  [0m] Reached target Basic System.
[   16.375595] cloud-init[968]: The key fingerprint is:
[   16.477528] cloud-init[968]: SHA256:qouq6AERrXBGCE1HTuDQ9YfrZBwY5gJqNRQqMz3qgn4 root@ubuntu-xenial
[   16.521303] cloud-init[968]: The key's randomart image is:
[[0;32m  OK  [0m] Started ACPI event daemon.
[   16.522332] cloud-init[968]: +---[ECDSA 256]---+
[   16.584856] cloud-init[968]: |*B=OO            |
[   16.585984] cloud-init[968]: |+*O*.+ .         |
[   16.588724] cloud-init[968]: |B*= + + .        |
[[0;32m  OK  [0m] Started Deferred execution scheduler.
[   16.590104] cloud-init[968]: |+= o . +         |
[   16.657002] cloud-init[968]: |o     = S        |
[   16.657714] cloud-init[968]: |+    + .         |
[   16.659912] cloud-init[968]: |oo    o          |
[   16.661059] cloud-init[968]: |+ .E .           |
[   16.663345] cloud-init[968]: |*+o o.           |
[   16.664511] cloud-init[968]: +----[SHA256]-----+
[   16.666647] cloud-init[968]: Generating public/private ed25519 key pair.
[   16.667765] cloud-init[968]: Your identification has been saved in /etc/ssh/ssh_host_ed25519_key.
[   16.670440] cloud-init[968]: Your public key has been saved in /etc/ssh/ssh_host_ed25519_key.pub.
[   16.672317] cloud-init[968]: The key fingerprint is:
         Starting LSB: Record successful boot for GRUB...
[   16.675394] cloud-init[968]: SHA256:FXCqlzjnRtfkhMVwP39gABHF/IYpO0UrE44PQiZ1c9E root@ubuntu-xenial
         [   16.748796] cloud-initStarting /etc/rc.local Compatibility...[968]: 
The key's randomart image is:
[   16.751661] cloud-init[968]: +--[ED25519 256]--+
[   16.786608] cloud-init[968]: |     .. +.X%=    |
[   16.798182] cloud-init[968]: |    . o. =.=Eo   |
[   16.802929] cloud-init[968]: |     +  .oooo==  |
[   16.803876] cloud-init[968]: |      .ooo===.o+ |
[   16.805029] cloud-init[968]: |      +.So.*o.  o|
[   16.805079] cloud-init[968]: |       * .+     .|
[   16.805119] cloud-init[968]: |        o  .     |
[   16.805159] cloud-init[968]: |       .         |
[[0;32m  OK  [0m] Started Regular background program processing daemon.
[   16.805216] cloud-init[968]: |                 |
[   16.896661] cloud-init[968]: +----[SHA256]-----+
[[0;32m  OK  [0m] Started D-Bus System Message Bus.
         Starting System Logging Service...
         Starting Accounts Service...
         Starting Virtualbox guest utils...
         Starting Apply the settings specified in cloud-config...
         Starting Pollinate to seed the pseudo random number generator...
[[0;32m  OK  [0m] Started Unattended Upgrades Shutdown.
         Starting LSB: MD monitoring daemon...
         Starting Login Service...
[[0;32m  OK  [0m] Started FUSE filesystem for LXC.
         Starting Snappy daemon...
         Starting LXD - container startup/shutdown...
[[0;32m  OK  [0m] Started iSCSI initiator daemon (iscsid).
[[0;32m  OK  [0m] Started /etc/rc.local Compatibility.
[[0;32m  OK  [0m] Started System Logging Service.
[[0;32m  OK  [0m] Started LSB: Record successful boot for GRUB.
         Starting Login to default iSCSI targets...
[[0;32m  OK  [0m] Started Login Service.
         Starting Authenticate and Authorize Users to Run Privileged Tasks...
[[0;32m  OK  [0m] Started LSB: MD monitoring daemon.
[[0;32m  OK  [0m] Started LXD - container startup/shutdown.
[[0;32m  OK  [0m] Started Login to default iSCSI targets.
[[0;32m  OK  [0m] Reached target Remote File Systems (Pre).
[[0;32m  OK  [0m] Reached target Remote File Systems.
         Starting LSB: daemon to balance interrupts for SMP systems...
         Starting Permit User Sessions...
         Starting LSB: Set the CPU Frequency Scaling governor to "ondemand"...
         Starting LSB: automatic crash report generation...
[[0;32m  OK  [0m] Started Permit User Sessions.
[[0;32m  OK  [0m] Started Authenticate and Authorize Users to Run Privileged Tasks.
[[0;32m  OK  [0m] Started Accounts Service.
[[0;32m  OK  [0m] Started Snappy daemon.
[[0;32m  OK  [0m] Started Virtualbox guest utils.
         Starting Wait until snapd is fully seeded...
         Starting Hold until boot process finishes up...
         Starting Terminate Plymouth Boot Screen...
[[0;32m  OK  [0m] Started LSB: daemon to balance interrupts for SMP systems.
[[0;32m  OK  [0m] Started LSB: automatic crash report generation.
[[0;32m  OK  [0m] Started Hold until boot process finishes up.
[[0;32m  OK  [0m] Started Terminate Plymouth Boot Screen.
[[0;32m  OK  [0m] Started LSB: Set the CPU Frequency Scaling governor to "ondemand".
         Starting Set console scheme...
[[0;32m  OK  [0m] Started Serial Getty on ttyS0.
[[0;32m  OK  [0m] Started Getty on tty1.
[[0;32m  OK  [0m] Reached target Login Prompts.
[[0;32m  OK  [0m] Started Set console scheme.
[   18.083565] cloud-init[1094]: Generating locales (this might take a while)...
[[0;32m  OK  [0m] Started Pollinate to seed the pseudo random number generator.
         Starting OpenBSD Secure Shell server...
[[0;32m  OK  [0m] Started OpenBSD Secure Shell server.
[   19.067950] cloud-init[1094]:   en_US.UTF-8... done
[   19.079732] cloud-init[1094]: Generation complete.
[   19.876484] cloud-init[1094]: Cloud-init v. 18.2 running 'modules:config' at Mon, 23 Jul 2018 22:47:26 +0000. Up 17.83 seconds.
[[0;32m  OK  [0m] Started Apply the settings specified in cloud-config.
[[0;32m  OK  [0m] Started Wait until snapd is fully seeded.
[[0;32m  OK  [0m] Reached target Multi-User System.
[[0;32m  OK  [0m] Reached target Graphical Interface.
         Starting Update UTMP about System Runlevel Changes...
         Starting Execute cloud user/final scripts...
[[0;32m  OK  [0m] Started Update UTMP about System Runlevel Changes.
[[0;32m  OK  [0m] Created slice User Slice of vagrant.
         Starting User Manager for UID 1000...
[[0;32m  OK  [0m] Started Session 1 of user vagrant.
[[0;32m  OK  [0m] Started User Manager for UID 1000.
ci-info: no authorized ssh keys fingerprints found for user ubuntu.
<14>Jul 23 22:47:31 ec2: 
<14>Jul 23 22:47:31 ec2: #############################################################
<14>Jul 23 22:47:31 ec2: -----BEGIN SSH HOST KEY FINGERPRINTS-----
<14>Jul 23 22:47:31 ec2: 1024 SHA256:A6sTKuqWrh/Zkuq8R9kkMk1znIlDMlW+NZ0WZMc0uBg root@ubuntu-xenial (DSA)
<14>Jul 23 22:47:31 ec2: 256 SHA256:qouq6AERrXBGCE1HTuDQ9YfrZBwY5gJqNRQqMz3qgn4 root@ubuntu-xenial (ECDSA)
<14>Jul 23 22:47:31 ec2: 256 SHA256:FXCqlzjnRtfkhMVwP39gABHF/IYpO0UrE44PQiZ1c9E root@ubuntu-xenial (ED25519)
<14>Jul 23 22:47:31 ec2: 2048 SHA256:AlcqrV6kojPdP+Yoa/2XJgDAUlDeGMwOBtf7kfc3Woo root@ubuntu-xenial (RSA)
<14>Jul 23 22:47:31 ec2: -----END SSH HOST KEY FINGERPRINTS-----
<14>Jul 23 22:47:31 ec2: #############################################################
-----BEGIN SSH HOST KEY KEYS-----
ecdsa-sha2-nistp256 AAAAE2VjZHNhLXNoYTItbmlzdHAyNTYAAAAIbmlzdHAyNTYAAABBBPoWAGJTkjz41aovyyOq3uTKd8fksJZ0lwMJmjZ0FbwIkLgoiMPF8M2W/1npdJEyLCzPIQt6JWXuTviyb2mfdmM= root@ubuntu-xenial
ssh-ed25519 AAAAC3NzaC1lZDI1NTE5AAAAIFGg2B+BomlZz1CMK396GFMxbCEjrsG1zitGjZAItb87 root@ubuntu-xenial
ssh-rsa AAAAB3NzaC1yc2EAAAADAQABAAABAQDYbtLmrD2UvQlfbyAsN1eAtYUBQ+TJphkM3sHweV2l6HBTbCkLp8RhSvj4Iix2SQktzczjMveUK2DQsFXO9bD9bCM5LrQbdUmUUCDO3RMVp8N2rxs+gtHE+mcb51GVRvcPBGyZNiJRWbW9qi4H6wbYXLu441DGxb0I8qxQLISLuUsK0/Y2n9p/7DroRAxeBq/7KtHep/BoD4SNBk/ZlY+ErElmlksWTgfSMakQaqYmiCvXxSyvDpHip6wqJuwul22x0TaooyTWwfgTTtyVKHfAd/7LJU+/BK4RcDWkbOhhr+Jcu2v4Npz2DzNZXtCHYyAqPzy1CIZbw7xfHu+nKH7t root@ubuntu-xenial
-----END SSH HOST KEY KEYS-----
[   23.124814] cloud-init[1318]: Cloud-init v. 18.2 running 'modules:final' at Mon, 23 Jul 2018 22:47:31 +0000. Up 22.74 seconds.
[   23.125456] cloud-init[1318]: ci-info: no authorized ssh keys fingerprints found for user ubuntu.
[   23.125942] cloud-init[1318]: Cloud-init v. 18.2 finished at Mon, 23 Jul 2018 22:47:31 +0000. Datasource DataSourceNoCloud [seed=/dev/sdb][dsmode=net].  Up 23.09 seconds

Ubuntu 16.04.4 LTS ubuntu-xenial ttyS0

ubuntu-xenial login: 